// Vitest Snapshot v1

exports[`My Todolist component > Should render component 1`] = `
"<div class=\\"todo_list\\" data-v-4afa86a5=\\"\\">
  <div class=\\"input__section\\" data-v-4afa86a5=\\"\\"><input type=\\"text\\" placeholder=\\"Create a new todo\\" class=\\"todo_input\\" data-v-4afa86a5=\\"\\"></div>
  <div class=\\"todo_items\\" data-v-4afa86a5=\\"\\">
    <div class=\\"todo_item\\" data-v-971ec5b0=\\"\\" data-v-4afa86a5=\\"\\">
      <div class=\\"todo_label\\" data-v-971ec5b0=\\"\\"><input type=\\"checkbox\\" class=\\"checkbox\\" data-v-971ec5b0=\\"\\">
        <div class=\\"todo_item-todo\\" data-v-971ec5b0=\\"\\">Complete online JavaScript course</div>
      </div>
      <div class=\\"delete_todo\\" data-v-971ec5b0=\\"\\"><img src=\\"/src/assets/images/icon-cross.svg\\" alt=\\"cross icon\\" data-v-971ec5b0=\\"\\"></div>
    </div>
    <div class=\\"todo_item\\" data-v-971ec5b0=\\"\\" data-v-4afa86a5=\\"\\">
      <div class=\\"todo_label\\" data-v-971ec5b0=\\"\\"><input type=\\"checkbox\\" class=\\"checkbox\\" data-v-971ec5b0=\\"\\">
        <div class=\\"todo_item-todo\\" data-v-971ec5b0=\\"\\">Jog around the park 3x</div>
      </div>
      <div class=\\"delete_todo\\" data-v-971ec5b0=\\"\\"><img src=\\"/src/assets/images/icon-cross.svg\\" alt=\\"cross icon\\" data-v-971ec5b0=\\"\\"></div>
    </div>
    <div class=\\"todo_item\\" data-v-971ec5b0=\\"\\" data-v-4afa86a5=\\"\\">
      <div class=\\"todo_label\\" data-v-971ec5b0=\\"\\"><input type=\\"checkbox\\" class=\\"checkbox\\" data-v-971ec5b0=\\"\\">
        <div class=\\"todo_item-todo\\" data-v-971ec5b0=\\"\\">10 minutes meditation</div>
      </div>
      <div class=\\"delete_todo\\" data-v-971ec5b0=\\"\\"><img src=\\"/src/assets/images/icon-cross.svg\\" alt=\\"cross icon\\" data-v-971ec5b0=\\"\\"></div>
    </div>
    <div class=\\"todo_item\\" data-v-971ec5b0=\\"\\" data-v-4afa86a5=\\"\\">
      <div class=\\"todo_label\\" data-v-971ec5b0=\\"\\"><input type=\\"checkbox\\" class=\\"checkbox\\" data-v-971ec5b0=\\"\\">
        <div class=\\"todo_item-todo\\" data-v-971ec5b0=\\"\\">Read for 1 hour</div>
      </div>
      <div class=\\"delete_todo\\" data-v-971ec5b0=\\"\\"><img src=\\"/src/assets/images/icon-cross.svg\\" alt=\\"cross icon\\" data-v-971ec5b0=\\"\\"></div>
    </div>
    <div class=\\"footer_container\\" data-v-4afa86a5=\\"\\">
      <div class=\\"items_left\\" data-v-4afa86a5=\\"\\">
        <div data-v-4afa86a5=\\"\\">4 items left</div>
      </div>
      <div class=\\"filters\\" data-v-4afa86a5=\\"\\">
        <p class=\\"active\\" data-v-4afa86a5=\\"\\">All</p>
        <p class=\\"\\" data-v-4afa86a5=\\"\\">Active</p>
        <p class=\\"\\" data-v-4afa86a5=\\"\\">Completed</p>
      </div>
      <div class=\\"clear_completed\\" data-v-4afa86a5=\\"\\"><button class=\\"clear_btn\\" data-v-4afa86a5=\\"\\">Clear Completed</button></div>
    </div>
  </div>
</div>"
`;
